[2025-12-03 10:09:25,719][ogn_registration][INFO] - Looking for Python nodes to register in omni.physx.fabric-107.3.26
[2025-12-03 10:09:25,719][ogn_registration][INFO] -  -> Registered nodes from module omni.physxfabric at /home/maksim/anaconda3/envs/env_isaaclab/lib/python3.11/site-packages/isaacsim/extscache/omni.physx.fabric-107.3.26+107.3.3.lx64.r.cp311.u353
[2025-12-03 10:09:25,719][ogn_registration][INFO] - Registering nodes in /home/maksim/anaconda3/envs/env_isaaclab/lib/python3.11/site-packages/isaacsim/extscache/omni.physx.fabric-107.3.26+107.3.3.lx64.r.cp311.u353 imported as omni.physxfabric with AutoNode config {}
[2025-12-03 10:09:25,719][ogn_registration][INFO] - Registering Python Node Types from omni.physxfabric at /home/maksim/anaconda3/envs/env_isaaclab/lib/python3.11/site-packages/isaacsim/extscache/omni.physx.fabric-107.3.26+107.3.3.lx64.r.cp311.u353 in omni.physx.fabric
[2025-12-03 10:09:25,720][ogn_registration][INFO] - ========================================================================================================================
[2025-12-03 10:09:25,720][ogn_registration][INFO] - No dependency on omni.graph, therefore no nodes to register in omni.physx.fabric
[2025-12-03 10:09:25,720][ogn_registration][INFO] - ...None found, no registration to do
[2025-12-03 10:09:25,720][ogn_registration][INFO] - ...Skipping: No OmniGraph presence in the module omni.physxfabric - No nodes in this module, do not remember it
[2025-12-03 10:09:25,720][ogn_registration][INFO] - Destroying registration record for omni.physx.fabric
[2025-12-03 10:09:25,720][ogn_registration][INFO] - OGN register omni.physx.fabric-107.3.26 took 757180.000000
[2025-12-03 10:09:30,871][skrl][INFO] - Environment wrapper: Isaac Lab (single-agent)
[2025-12-03 10:09:30,871][skrl][INFO] - Seed: 42
[2025-12-03 10:09:31,219][skrl][INFO] - max_angular: 2.0
[2025-12-03 10:09:31,227][skrl][INFO] - omega max: 2.000
[2025-12-03 10:09:31,227][skrl][INFO] - v_right - v_left: 8.480
[2025-12-03 10:09:31,705][skrl][INFO] - max_angular: 2.0
[2025-12-03 10:09:31,705][skrl][INFO] - omega max: 2.000
[2025-12-03 10:09:31,705][skrl][INFO] - v_right - v_left: 8.480
[2025-12-03 10:09:31,890][skrl][INFO] - max_angular: 2.0
[2025-12-03 10:09:31,890][skrl][INFO] - omega max: 2.000
[2025-12-03 10:09:31,890][skrl][INFO] - v_right - v_left: 8.480
[2025-12-03 10:09:31,937][skrl][INFO] - max_angular: 2.0
[2025-12-03 10:09:31,937][skrl][INFO] - omega max: 2.000
[2025-12-03 10:09:31,937][skrl][INFO] - v_right - v_left: 8.480
[2025-12-03 10:09:31,985][skrl][INFO] - max_angular: 2.0
[2025-12-03 10:09:31,985][skrl][INFO] - omega max: 2.000
[2025-12-03 10:09:31,985][skrl][INFO] - v_right - v_left: 8.480
[2025-12-03 10:09:32,033][skrl][INFO] - max_angular: 2.0
[2025-12-03 10:09:32,033][skrl][INFO] - omega max: 2.000
[2025-12-03 10:09:32,033][skrl][INFO] - v_right - v_left: 8.480
[2025-12-03 10:09:32,081][skrl][INFO] - max_angular: 2.0
[2025-12-03 10:09:32,081][skrl][INFO] - omega max: 2.000
[2025-12-03 10:09:32,082][skrl][INFO] - v_right - v_left: 8.480
[2025-12-03 10:09:32,129][skrl][INFO] - max_angular: 2.0
[2025-12-03 10:09:32,130][skrl][INFO] - omega max: 2.000
[2025-12-03 10:09:32,130][skrl][INFO] - v_right - v_left: 8.480
[2025-12-03 10:09:32,177][skrl][INFO] - max_angular: 2.0
[2025-12-03 10:09:32,177][skrl][INFO] - omega max: 0.645
[2025-12-03 10:09:32,177][skrl][INFO] - v_right - v_left: 2.734
[2025-12-03 10:09:32,225][skrl][INFO] - max_angular: 2.0
[2025-12-03 10:09:32,225][skrl][INFO] - omega max: 1.106
[2025-12-03 10:09:32,226][skrl][INFO] - v_right - v_left: 4.688
[2025-12-03 10:09:32,274][skrl][INFO] - max_angular: 2.0
[2025-12-03 10:09:32,274][skrl][INFO] - omega max: 2.000
[2025-12-03 10:09:32,274][skrl][INFO] - v_right - v_left: 8.480
[2025-12-03 10:09:32,323][skrl][INFO] - max_angular: 2.0
[2025-12-03 10:09:32,323][skrl][INFO] - omega max: 2.000
[2025-12-03 10:09:32,323][skrl][INFO] - v_right - v_left: 8.480
[2025-12-03 10:09:32,372][skrl][INFO] - max_angular: 2.0
[2025-12-03 10:09:32,372][skrl][INFO] - omega max: 2.000
[2025-12-03 10:09:32,372][skrl][INFO] - v_right - v_left: 8.480
[2025-12-03 10:09:32,420][skrl][INFO] - max_angular: 2.0
[2025-12-03 10:09:32,420][skrl][INFO] - omega max: 2.000
[2025-12-03 10:09:32,420][skrl][INFO] - v_right - v_left: 8.480
[2025-12-03 10:09:32,470][skrl][INFO] - max_angular: 2.0
[2025-12-03 10:09:32,470][skrl][INFO] - omega max: 2.000
[2025-12-03 10:09:32,470][skrl][INFO] - v_right - v_left: 8.480
[2025-12-03 10:09:32,518][skrl][INFO] - max_angular: 2.0
[2025-12-03 10:09:32,518][skrl][INFO] - omega max: 2.000
[2025-12-03 10:09:32,518][skrl][INFO] - v_right - v_left: 8.480
[2025-12-03 10:09:32,567][skrl][INFO] - max_angular: 2.0
[2025-12-03 10:09:32,567][skrl][INFO] - omega max: 2.000
[2025-12-03 10:09:32,567][skrl][INFO] - v_right - v_left: 8.480
[2025-12-03 10:09:32,622][skrl][INFO] - max_angular: 2.0
[2025-12-03 10:09:32,622][skrl][INFO] - omega max: 2.000
[2025-12-03 10:09:32,622][skrl][INFO] - v_right - v_left: 8.480
[2025-12-03 10:09:32,680][skrl][INFO] - max_angular: 2.0
[2025-12-03 10:09:32,681][skrl][INFO] - omega max: 2.000
[2025-12-03 10:09:32,681][skrl][INFO] - v_right - v_left: 8.480
[2025-12-03 10:09:32,731][skrl][INFO] - max_angular: 2.0
[2025-12-03 10:09:32,732][skrl][INFO] - omega max: 2.000
[2025-12-03 10:09:32,732][skrl][INFO] - v_right - v_left: 8.480
[2025-12-03 10:09:32,780][skrl][INFO] - max_angular: 2.0
[2025-12-03 10:09:32,780][skrl][INFO] - omega max: 1.919
[2025-12-03 10:09:32,780][skrl][INFO] - v_right - v_left: 8.136
[2025-12-03 10:09:32,830][skrl][INFO] - max_angular: 2.0
[2025-12-03 10:09:32,830][skrl][INFO] - omega max: 2.000
[2025-12-03 10:09:32,830][skrl][INFO] - v_right - v_left: 8.480
[2025-12-03 10:09:32,878][skrl][INFO] - max_angular: 2.0
[2025-12-03 10:09:32,878][skrl][INFO] - omega max: 2.000
[2025-12-03 10:09:32,878][skrl][INFO] - v_right - v_left: 8.480
[2025-12-03 10:09:32,931][skrl][INFO] - max_angular: 2.0
[2025-12-03 10:09:32,931][skrl][INFO] - omega max: 2.000
[2025-12-03 10:09:32,931][skrl][INFO] - v_right - v_left: 8.480
[2025-12-03 10:09:32,980][skrl][INFO] - max_angular: 2.0
[2025-12-03 10:09:32,980][skrl][INFO] - omega max: 2.000
[2025-12-03 10:09:32,980][skrl][INFO] - v_right - v_left: 8.480
[2025-12-03 10:09:33,029][skrl][INFO] - max_angular: 2.0
[2025-12-03 10:09:33,029][skrl][INFO] - omega max: 2.000
[2025-12-03 10:09:33,029][skrl][INFO] - v_right - v_left: 8.480
[2025-12-03 10:09:33,082][skrl][INFO] - max_angular: 2.0
[2025-12-03 10:09:33,082][skrl][INFO] - omega max: 2.000
[2025-12-03 10:09:33,083][skrl][INFO] - v_right - v_left: 8.480
[2025-12-03 10:09:33,130][skrl][INFO] - max_angular: 2.0
[2025-12-03 10:09:33,130][skrl][INFO] - omega max: 1.588
[2025-12-03 10:09:33,130][skrl][INFO] - v_right - v_left: 6.733
[2025-12-03 10:09:33,178][skrl][INFO] - max_angular: 2.0
[2025-12-03 10:09:33,178][skrl][INFO] - omega max: 2.000
[2025-12-03 10:09:33,179][skrl][INFO] - v_right - v_left: 8.480
[2025-12-03 10:09:33,227][skrl][INFO] - max_angular: 2.0
[2025-12-03 10:09:33,227][skrl][INFO] - omega max: 2.000
[2025-12-03 10:09:33,227][skrl][INFO] - v_right - v_left: 8.480
[2025-12-03 10:09:33,276][skrl][INFO] - max_angular: 2.0
[2025-12-03 10:09:33,276][skrl][INFO] - omega max: 2.000
[2025-12-03 10:09:33,276][skrl][INFO] - v_right - v_left: 8.480
[2025-12-03 10:09:33,324][skrl][INFO] - max_angular: 2.0
[2025-12-03 10:09:33,325][skrl][INFO] - omega max: 2.000
[2025-12-03 10:09:33,325][skrl][INFO] - v_right - v_left: 8.480
[2025-12-03 10:09:33,373][skrl][INFO] - max_angular: 2.0
[2025-12-03 10:09:33,373][skrl][INFO] - omega max: 1.596
[2025-12-03 10:09:33,373][skrl][INFO] - v_right - v_left: 6.765
[2025-12-03 10:09:33,421][skrl][INFO] - max_angular: 2.0
[2025-12-03 10:09:33,421][skrl][INFO] - omega max: 1.748
[2025-12-03 10:09:33,421][skrl][INFO] - v_right - v_left: 7.413
[2025-12-03 10:09:33,469][skrl][INFO] - max_angular: 2.0
[2025-12-03 10:09:33,469][skrl][INFO] - omega max: 2.000
[2025-12-03 10:09:33,469][skrl][INFO] - v_right - v_left: 8.480
[2025-12-03 10:09:33,517][skrl][INFO] - max_angular: 2.0
[2025-12-03 10:09:33,517][skrl][INFO] - omega max: 1.948
[2025-12-03 10:09:33,518][skrl][INFO] - v_right - v_left: 8.259
[2025-12-03 10:09:33,565][skrl][INFO] - max_angular: 2.0
[2025-12-03 10:09:33,565][skrl][INFO] - omega max: 2.000
[2025-12-03 10:09:33,565][skrl][INFO] - v_right - v_left: 8.480
[2025-12-03 10:09:33,614][skrl][INFO] - max_angular: 2.0
[2025-12-03 10:09:33,614][skrl][INFO] - omega max: 2.000
[2025-12-03 10:09:33,614][skrl][INFO] - v_right - v_left: 8.480
[2025-12-03 10:09:33,662][skrl][INFO] - max_angular: 2.0
[2025-12-03 10:09:33,662][skrl][INFO] - omega max: 2.000
[2025-12-03 10:09:33,662][skrl][INFO] - v_right - v_left: 8.480
[2025-12-03 10:09:33,712][skrl][INFO] - max_angular: 2.0
[2025-12-03 10:09:33,712][skrl][INFO] - omega max: 2.000
[2025-12-03 10:09:33,713][skrl][INFO] - v_right - v_left: 8.480
[2025-12-03 10:09:33,761][skrl][INFO] - max_angular: 2.0
[2025-12-03 10:09:33,761][skrl][INFO] - omega max: 2.000
[2025-12-03 10:09:33,761][skrl][INFO] - v_right - v_left: 8.480
[2025-12-03 10:09:33,809][skrl][INFO] - max_angular: 2.0
[2025-12-03 10:09:33,809][skrl][INFO] - omega max: 2.000
[2025-12-03 10:09:33,809][skrl][INFO] - v_right - v_left: 8.480
[2025-12-03 10:09:33,857][skrl][INFO] - max_angular: 2.0
[2025-12-03 10:09:33,857][skrl][INFO] - omega max: 2.000
[2025-12-03 10:09:33,857][skrl][INFO] - v_right - v_left: 8.480
[2025-12-03 10:09:33,905][skrl][INFO] - max_angular: 2.0
[2025-12-03 10:09:33,905][skrl][INFO] - omega max: 2.000
[2025-12-03 10:09:33,905][skrl][INFO] - v_right - v_left: 8.480
[2025-12-03 10:09:33,953][skrl][INFO] - max_angular: 2.0
[2025-12-03 10:09:33,953][skrl][INFO] - omega max: 2.000
[2025-12-03 10:09:33,953][skrl][INFO] - v_right - v_left: 8.480
[2025-12-03 10:09:34,003][skrl][INFO] - max_angular: 2.0
[2025-12-03 10:09:34,003][skrl][INFO] - omega max: 2.000
[2025-12-03 10:09:34,003][skrl][INFO] - v_right - v_left: 8.480
[2025-12-03 10:09:34,052][skrl][INFO] - max_angular: 2.0
[2025-12-03 10:09:34,052][skrl][INFO] - omega max: 2.000
[2025-12-03 10:09:34,052][skrl][INFO] - v_right - v_left: 8.480
[2025-12-03 10:09:34,099][skrl][INFO] - max_angular: 2.0
[2025-12-03 10:09:34,100][skrl][INFO] - omega max: 2.000
[2025-12-03 10:09:34,100][skrl][INFO] - v_right - v_left: 8.480
[2025-12-03 10:09:34,147][skrl][INFO] - max_angular: 2.0
[2025-12-03 10:09:34,147][skrl][INFO] - omega max: 1.796
[2025-12-03 10:09:34,147][skrl][INFO] - v_right - v_left: 7.615
[2025-12-03 10:09:34,197][skrl][INFO] - max_angular: 2.0
[2025-12-03 10:09:34,197][skrl][INFO] - omega max: 2.000
[2025-12-03 10:09:34,197][skrl][INFO] - v_right - v_left: 8.480
[2025-12-03 10:09:34,245][skrl][INFO] - max_angular: 2.0
[2025-12-03 10:09:34,245][skrl][INFO] - omega max: 2.000
[2025-12-03 10:09:34,245][skrl][INFO] - v_right - v_left: 8.480
[2025-12-03 10:09:34,293][skrl][INFO] - max_angular: 2.0
[2025-12-03 10:09:34,293][skrl][INFO] - omega max: 2.000
[2025-12-03 10:09:34,293][skrl][INFO] - v_right - v_left: 8.480
[2025-12-03 10:09:34,340][skrl][INFO] - max_angular: 2.0
[2025-12-03 10:09:34,341][skrl][INFO] - omega max: 2.000
[2025-12-03 10:09:34,341][skrl][INFO] - v_right - v_left: 8.480
[2025-12-03 10:09:34,391][skrl][INFO] - max_angular: 2.0
[2025-12-03 10:09:34,391][skrl][INFO] - omega max: 2.000
[2025-12-03 10:09:34,391][skrl][INFO] - v_right - v_left: 8.480
[2025-12-03 10:09:34,439][skrl][INFO] - max_angular: 2.0
[2025-12-03 10:09:34,439][skrl][INFO] - omega max: 2.000
[2025-12-03 10:09:34,439][skrl][INFO] - v_right - v_left: 8.480
[2025-12-03 10:09:34,486][skrl][INFO] - max_angular: 2.0
[2025-12-03 10:09:34,487][skrl][INFO] - omega max: 2.000
[2025-12-03 10:09:34,487][skrl][INFO] - v_right - v_left: 8.480
[2025-12-03 10:09:34,538][skrl][INFO] - max_angular: 2.0
[2025-12-03 10:09:34,538][skrl][INFO] - omega max: 2.000
[2025-12-03 10:09:34,538][skrl][INFO] - v_right - v_left: 8.480
[2025-12-03 10:09:34,587][skrl][INFO] - max_angular: 2.0
[2025-12-03 10:09:34,587][skrl][INFO] - omega max: 2.000
[2025-12-03 10:09:34,587][skrl][INFO] - v_right - v_left: 8.480
[2025-12-03 10:09:34,635][skrl][INFO] - max_angular: 2.0
[2025-12-03 10:09:34,635][skrl][INFO] - omega max: 2.000
[2025-12-03 10:09:34,635][skrl][INFO] - v_right - v_left: 8.480
[2025-12-03 10:09:34,688][skrl][INFO] - max_angular: 2.0
[2025-12-03 10:09:34,688][skrl][INFO] - omega max: 2.000
[2025-12-03 10:09:34,688][skrl][INFO] - v_right - v_left: 8.480
[2025-12-03 10:09:34,737][skrl][INFO] - max_angular: 2.0
[2025-12-03 10:09:34,737][skrl][INFO] - omega max: 2.000
[2025-12-03 10:09:34,737][skrl][INFO] - v_right - v_left: 8.480
[2025-12-03 10:09:34,787][skrl][INFO] - max_angular: 2.0
[2025-12-03 10:09:34,787][skrl][INFO] - omega max: 2.000
[2025-12-03 10:09:34,787][skrl][INFO] - v_right - v_left: 8.480
[2025-12-03 10:09:34,835][skrl][INFO] - max_angular: 2.0
[2025-12-03 10:09:34,835][skrl][INFO] - omega max: 2.000
[2025-12-03 10:09:34,835][skrl][INFO] - v_right - v_left: 8.480
[2025-12-03 10:09:34,883][skrl][INFO] - max_angular: 2.0
[2025-12-03 10:09:34,883][skrl][INFO] - omega max: 2.000
[2025-12-03 10:09:34,883][skrl][INFO] - v_right - v_left: 8.480
[2025-12-03 10:09:34,931][skrl][INFO] - max_angular: 2.0
[2025-12-03 10:09:34,931][skrl][INFO] - omega max: 2.000
[2025-12-03 10:09:34,931][skrl][INFO] - v_right - v_left: 8.480
[2025-12-03 10:09:34,979][skrl][INFO] - max_angular: 2.0
[2025-12-03 10:09:34,979][skrl][INFO] - omega max: 2.000
[2025-12-03 10:09:34,979][skrl][INFO] - v_right - v_left: 8.480
[2025-12-03 10:09:35,026][skrl][INFO] - max_angular: 2.0
[2025-12-03 10:09:35,026][skrl][INFO] - omega max: 2.000
[2025-12-03 10:09:35,026][skrl][INFO] - v_right - v_left: 8.480
[2025-12-03 10:09:35,074][skrl][INFO] - max_angular: 2.0
[2025-12-03 10:09:35,074][skrl][INFO] - omega max: 2.000
[2025-12-03 10:09:35,074][skrl][INFO] - v_right - v_left: 8.480
[2025-12-03 10:09:35,122][skrl][INFO] - max_angular: 2.0
[2025-12-03 10:09:35,122][skrl][INFO] - omega max: 2.000
[2025-12-03 10:09:35,122][skrl][INFO] - v_right - v_left: 8.480
[2025-12-03 10:09:35,169][skrl][INFO] - max_angular: 2.0
[2025-12-03 10:09:35,169][skrl][INFO] - omega max: 2.000
[2025-12-03 10:09:35,169][skrl][INFO] - v_right - v_left: 8.480
[2025-12-03 10:09:35,216][skrl][INFO] - max_angular: 2.0
[2025-12-03 10:09:35,216][skrl][INFO] - omega max: 2.000
[2025-12-03 10:09:35,216][skrl][INFO] - v_right - v_left: 8.480
[2025-12-03 10:09:35,264][skrl][INFO] - max_angular: 2.0
[2025-12-03 10:09:35,264][skrl][INFO] - omega max: 0.378
[2025-12-03 10:09:35,264][skrl][INFO] - v_right - v_left: 1.601
[2025-12-03 10:09:35,311][skrl][INFO] - max_angular: 2.0
[2025-12-03 10:09:35,311][skrl][INFO] - omega max: 2.000
[2025-12-03 10:09:35,311][skrl][INFO] - v_right - v_left: 8.480
[2025-12-03 10:09:35,359][skrl][INFO] - max_angular: 2.0
[2025-12-03 10:09:35,359][skrl][INFO] - omega max: 2.000
[2025-12-03 10:09:35,359][skrl][INFO] - v_right - v_left: 8.480
[2025-12-03 10:09:35,406][skrl][INFO] - max_angular: 2.0
[2025-12-03 10:09:35,406][skrl][INFO] - omega max: 2.000
[2025-12-03 10:09:35,407][skrl][INFO] - v_right - v_left: 8.480
[2025-12-03 10:09:35,454][skrl][INFO] - max_angular: 2.0
[2025-12-03 10:09:35,454][skrl][INFO] - omega max: 1.730
[2025-12-03 10:09:35,454][skrl][INFO] - v_right - v_left: 7.333
[2025-12-03 10:09:35,502][skrl][INFO] - max_angular: 2.0
[2025-12-03 10:09:35,502][skrl][INFO] - omega max: 2.000
[2025-12-03 10:09:35,502][skrl][INFO] - v_right - v_left: 8.480
[2025-12-03 10:09:35,550][skrl][INFO] - max_angular: 2.0
[2025-12-03 10:09:35,550][skrl][INFO] - omega max: 2.000
[2025-12-03 10:09:35,550][skrl][INFO] - v_right - v_left: 8.480
[2025-12-03 10:09:35,598][skrl][INFO] - max_angular: 2.0
[2025-12-03 10:09:35,598][skrl][INFO] - omega max: 2.000
[2025-12-03 10:09:35,598][skrl][INFO] - v_right - v_left: 8.480
[2025-12-03 10:09:35,645][skrl][INFO] - max_angular: 2.0
[2025-12-03 10:09:35,645][skrl][INFO] - omega max: 2.000
[2025-12-03 10:09:35,646][skrl][INFO] - v_right - v_left: 8.480
[2025-12-03 10:09:35,693][skrl][INFO] - max_angular: 2.0
[2025-12-03 10:09:35,693][skrl][INFO] - omega max: 1.960
[2025-12-03 10:09:35,693][skrl][INFO] - v_right - v_left: 8.308
[2025-12-03 10:09:35,741][skrl][INFO] - max_angular: 2.0
[2025-12-03 10:09:35,741][skrl][INFO] - omega max: 2.000
[2025-12-03 10:09:35,741][skrl][INFO] - v_right - v_left: 8.480
[2025-12-03 10:09:35,788][skrl][INFO] - max_angular: 2.0
[2025-12-03 10:09:35,788][skrl][INFO] - omega max: 2.000
[2025-12-03 10:09:35,789][skrl][INFO] - v_right - v_left: 8.480
[2025-12-03 10:09:35,837][skrl][INFO] - max_angular: 2.0
[2025-12-03 10:09:35,837][skrl][INFO] - omega max: 1.557
[2025-12-03 10:09:35,837][skrl][INFO] - v_right - v_left: 6.602
[2025-12-03 10:09:35,884][skrl][INFO] - max_angular: 2.0
[2025-12-03 10:09:35,884][skrl][INFO] - omega max: 2.000
[2025-12-03 10:09:35,884][skrl][INFO] - v_right - v_left: 8.480
[2025-12-03 10:09:35,932][skrl][INFO] - max_angular: 2.0
[2025-12-03 10:09:35,932][skrl][INFO] - omega max: 2.000
[2025-12-03 10:09:35,932][skrl][INFO] - v_right - v_left: 8.480
[2025-12-03 10:09:35,979][skrl][INFO] - max_angular: 2.0
[2025-12-03 10:09:35,979][skrl][INFO] - omega max: 2.000
[2025-12-03 10:09:35,979][skrl][INFO] - v_right - v_left: 8.480
[2025-12-03 10:09:36,027][skrl][INFO] - max_angular: 2.0
[2025-12-03 10:09:36,027][skrl][INFO] - omega max: 1.027
[2025-12-03 10:09:36,027][skrl][INFO] - v_right - v_left: 4.354
[2025-12-03 10:09:36,074][skrl][INFO] - max_angular: 2.0
[2025-12-03 10:09:36,074][skrl][INFO] - omega max: 2.000
[2025-12-03 10:09:36,074][skrl][INFO] - v_right - v_left: 8.480
[2025-12-03 10:09:36,121][skrl][INFO] - max_angular: 2.0
[2025-12-03 10:09:36,121][skrl][INFO] - omega max: 1.287
[2025-12-03 10:09:36,121][skrl][INFO] - v_right - v_left: 5.458
[2025-12-03 10:09:36,169][skrl][INFO] - max_angular: 2.0
[2025-12-03 10:09:36,169][skrl][INFO] - omega max: 2.000
[2025-12-03 10:09:36,169][skrl][INFO] - v_right - v_left: 8.480
[2025-12-03 10:09:36,216][skrl][INFO] - max_angular: 2.0
[2025-12-03 10:09:36,216][skrl][INFO] - omega max: 2.000
[2025-12-03 10:09:36,216][skrl][INFO] - v_right - v_left: 8.480
[2025-12-03 10:09:36,263][skrl][INFO] - max_angular: 2.0
[2025-12-03 10:09:36,263][skrl][INFO] - omega max: 2.000
[2025-12-03 10:09:36,263][skrl][INFO] - v_right - v_left: 8.480
[2025-12-03 10:09:36,311][skrl][INFO] - max_angular: 2.0
[2025-12-03 10:09:36,311][skrl][INFO] - omega max: 1.923
[2025-12-03 10:09:36,311][skrl][INFO] - v_right - v_left: 8.155
[2025-12-03 10:09:36,358][skrl][INFO] - max_angular: 2.0
[2025-12-03 10:09:36,358][skrl][INFO] - omega max: 2.000
[2025-12-03 10:09:36,358][skrl][INFO] - v_right - v_left: 8.480
[2025-12-03 10:09:36,406][skrl][INFO] - max_angular: 2.0
[2025-12-03 10:09:36,406][skrl][INFO] - omega max: 1.865
[2025-12-03 10:09:36,406][skrl][INFO] - v_right - v_left: 7.906
[2025-12-03 10:09:36,454][skrl][INFO] - max_angular: 2.0
[2025-12-03 10:09:36,454][skrl][INFO] - omega max: 2.000
[2025-12-03 10:09:36,454][skrl][INFO] - v_right - v_left: 8.480
[2025-12-03 10:09:36,501][skrl][INFO] - max_angular: 2.0
[2025-12-03 10:09:36,501][skrl][INFO] - omega max: 2.000
[2025-12-03 10:09:36,501][skrl][INFO] - v_right - v_left: 8.480
[2025-12-03 10:09:36,549][skrl][INFO] - max_angular: 2.0
[2025-12-03 10:09:36,549][skrl][INFO] - omega max: 2.000
[2025-12-03 10:09:36,549][skrl][INFO] - v_right - v_left: 8.480
[2025-12-03 10:09:36,597][skrl][INFO] - max_angular: 2.0
[2025-12-03 10:09:36,597][skrl][INFO] - omega max: 2.000
[2025-12-03 10:09:36,597][skrl][INFO] - v_right - v_left: 8.480
[2025-12-03 10:09:36,645][skrl][INFO] - max_angular: 2.0
[2025-12-03 10:09:36,645][skrl][INFO] - omega max: 2.000
[2025-12-03 10:09:36,645][skrl][INFO] - v_right - v_left: 8.480
[2025-12-03 10:09:36,693][skrl][INFO] - max_angular: 2.0
[2025-12-03 10:09:36,693][skrl][INFO] - omega max: 1.102
[2025-12-03 10:09:36,693][skrl][INFO] - v_right - v_left: 4.672
[2025-12-03 10:09:36,740][skrl][INFO] - max_angular: 2.0
[2025-12-03 10:09:36,740][skrl][INFO] - omega max: 2.000
[2025-12-03 10:09:36,740][skrl][INFO] - v_right - v_left: 8.480
[2025-12-03 10:09:36,787][skrl][INFO] - max_angular: 2.0
[2025-12-03 10:09:36,788][skrl][INFO] - omega max: 2.000
[2025-12-03 10:09:36,788][skrl][INFO] - v_right - v_left: 8.480
[2025-12-03 10:09:36,836][skrl][INFO] - max_angular: 2.0
[2025-12-03 10:09:36,836][skrl][INFO] - omega max: 2.000
[2025-12-03 10:09:36,836][skrl][INFO] - v_right - v_left: 8.480
[2025-12-03 10:09:36,883][skrl][INFO] - max_angular: 2.0
[2025-12-03 10:09:36,883][skrl][INFO] - omega max: 2.000
[2025-12-03 10:09:36,883][skrl][INFO] - v_right - v_left: 8.480
[2025-12-03 10:09:36,930][skrl][INFO] - max_angular: 2.0
[2025-12-03 10:09:36,931][skrl][INFO] - omega max: 2.000
[2025-12-03 10:09:36,931][skrl][INFO] - v_right - v_left: 8.480
[2025-12-03 10:09:36,978][skrl][INFO] - max_angular: 2.0
[2025-12-03 10:09:36,978][skrl][INFO] - omega max: 2.000
[2025-12-03 10:09:36,979][skrl][INFO] - v_right - v_left: 8.480
[2025-12-03 10:09:37,026][skrl][INFO] - max_angular: 2.0
[2025-12-03 10:09:37,026][skrl][INFO] - omega max: 2.000
[2025-12-03 10:09:37,026][skrl][INFO] - v_right - v_left: 8.480
[2025-12-03 10:09:37,073][skrl][INFO] - max_angular: 2.0
[2025-12-03 10:09:37,073][skrl][INFO] - omega max: 2.000
[2025-12-03 10:09:37,073][skrl][INFO] - v_right - v_left: 8.480
[2025-12-03 10:09:37,121][skrl][INFO] - max_angular: 2.0
[2025-12-03 10:09:37,121][skrl][INFO] - omega max: 2.000
[2025-12-03 10:09:37,121][skrl][INFO] - v_right - v_left: 8.480
[2025-12-03 10:09:37,168][skrl][INFO] - max_angular: 2.0
[2025-12-03 10:09:37,168][skrl][INFO] - omega max: 2.000
[2025-12-03 10:09:37,168][skrl][INFO] - v_right - v_left: 8.480
[2025-12-03 10:09:37,216][skrl][INFO] - max_angular: 2.0
[2025-12-03 10:09:37,216][skrl][INFO] - omega max: 2.000
[2025-12-03 10:09:37,216][skrl][INFO] - v_right - v_left: 8.480
[2025-12-03 10:09:37,264][skrl][INFO] - max_angular: 2.0
[2025-12-03 10:09:37,264][skrl][INFO] - omega max: 2.000
[2025-12-03 10:09:37,264][skrl][INFO] - v_right - v_left: 8.480
[2025-12-03 10:09:37,311][skrl][INFO] - max_angular: 2.0
[2025-12-03 10:09:37,311][skrl][INFO] - omega max: 2.000
[2025-12-03 10:09:37,312][skrl][INFO] - v_right - v_left: 8.480
[2025-12-03 10:09:37,359][skrl][INFO] - max_angular: 2.0
[2025-12-03 10:09:37,359][skrl][INFO] - omega max: 2.000
[2025-12-03 10:09:37,359][skrl][INFO] - v_right - v_left: 8.480
[2025-12-03 10:09:37,406][skrl][INFO] - max_angular: 2.0
[2025-12-03 10:09:37,406][skrl][INFO] - omega max: 1.291
[2025-12-03 10:09:37,406][skrl][INFO] - v_right - v_left: 5.473
[2025-12-03 10:09:37,454][skrl][INFO] - max_angular: 2.0
[2025-12-03 10:09:37,454][skrl][INFO] - omega max: 2.000
[2025-12-03 10:09:37,454][skrl][INFO] - v_right - v_left: 8.480
[2025-12-03 10:09:37,502][skrl][INFO] - max_angular: 2.0
[2025-12-03 10:09:37,502][skrl][INFO] - omega max: 2.000
[2025-12-03 10:09:37,502][skrl][INFO] - v_right - v_left: 8.480
[2025-12-03 10:09:37,550][skrl][INFO] - max_angular: 2.0
[2025-12-03 10:09:37,550][skrl][INFO] - omega max: 1.748
[2025-12-03 10:09:37,550][skrl][INFO] - v_right - v_left: 7.413
[2025-12-03 10:09:37,597][skrl][INFO] - max_angular: 2.0
[2025-12-03 10:09:37,597][skrl][INFO] - omega max: 2.000
[2025-12-03 10:09:37,597][skrl][INFO] - v_right - v_left: 8.480
[2025-12-03 10:09:37,645][skrl][INFO] - max_angular: 2.0
[2025-12-03 10:09:37,645][skrl][INFO] - omega max: 2.000
[2025-12-03 10:09:37,645][skrl][INFO] - v_right - v_left: 8.480
[2025-12-03 10:09:37,694][skrl][INFO] - max_angular: 2.0
[2025-12-03 10:09:37,694][skrl][INFO] - omega max: 2.000
[2025-12-03 10:09:37,694][skrl][INFO] - v_right - v_left: 8.480
[2025-12-03 10:09:37,741][skrl][INFO] - max_angular: 2.0
[2025-12-03 10:09:37,741][skrl][INFO] - omega max: 2.000
[2025-12-03 10:09:37,741][skrl][INFO] - v_right - v_left: 8.480
[2025-12-03 10:09:37,789][skrl][INFO] - max_angular: 2.0
[2025-12-03 10:09:37,789][skrl][INFO] - omega max: 2.000
[2025-12-03 10:09:37,789][skrl][INFO] - v_right - v_left: 8.480
[2025-12-03 10:09:37,836][skrl][INFO] - max_angular: 2.0
[2025-12-03 10:09:37,836][skrl][INFO] - omega max: 2.000
[2025-12-03 10:09:37,836][skrl][INFO] - v_right - v_left: 8.480
[2025-12-03 10:09:37,885][skrl][INFO] - max_angular: 2.0
[2025-12-03 10:09:37,885][skrl][INFO] - omega max: 2.000
[2025-12-03 10:09:37,885][skrl][INFO] - v_right - v_left: 8.480
[2025-12-03 10:09:37,934][skrl][INFO] - max_angular: 2.0
[2025-12-03 10:09:37,934][skrl][INFO] - omega max: 1.111
[2025-12-03 10:09:37,934][skrl][INFO] - v_right - v_left: 4.709
[2025-12-03 10:09:38,396][skrl][INFO] - max_angular: 2.0
[2025-12-03 10:09:38,396][skrl][INFO] - omega max: 2.000
[2025-12-03 10:09:38,396][skrl][INFO] - v_right - v_left: 8.480
[2025-12-03 10:09:38,444][skrl][INFO] - max_angular: 2.0
[2025-12-03 10:09:38,445][skrl][INFO] - omega max: 0.686
[2025-12-03 10:09:38,445][skrl][INFO] - v_right - v_left: 2.909
[2025-12-03 10:09:38,492][skrl][INFO] - max_angular: 2.0
[2025-12-03 10:09:38,493][skrl][INFO] - omega max: 1.707
[2025-12-03 10:09:38,493][skrl][INFO] - v_right - v_left: 7.238
[2025-12-03 10:09:38,542][skrl][INFO] - max_angular: 2.0
[2025-12-03 10:09:38,543][skrl][INFO] - omega max: 2.000
[2025-12-03 10:09:38,543][skrl][INFO] - v_right - v_left: 8.480
[2025-12-03 10:09:38,590][skrl][INFO] - max_angular: 2.0
[2025-12-03 10:09:38,590][skrl][INFO] - omega max: 2.000
[2025-12-03 10:09:38,590][skrl][INFO] - v_right - v_left: 8.480
[2025-12-03 10:09:38,638][skrl][INFO] - max_angular: 2.0
[2025-12-03 10:09:38,638][skrl][INFO] - omega max: 2.000
[2025-12-03 10:09:38,638][skrl][INFO] - v_right - v_left: 8.480
[2025-12-03 10:09:38,685][skrl][INFO] - max_angular: 2.0
[2025-12-03 10:09:38,685][skrl][INFO] - omega max: 2.000
[2025-12-03 10:09:38,686][skrl][INFO] - v_right - v_left: 8.480
[2025-12-03 10:09:38,733][skrl][INFO] - max_angular: 2.0
[2025-12-03 10:09:38,733][skrl][INFO] - omega max: 2.000
[2025-12-03 10:09:38,733][skrl][INFO] - v_right - v_left: 8.480
[2025-12-03 10:09:38,780][skrl][INFO] - max_angular: 2.0
[2025-12-03 10:09:38,780][skrl][INFO] - omega max: 1.942
[2025-12-03 10:09:38,780][skrl][INFO] - v_right - v_left: 8.232
[2025-12-03 10:09:38,827][skrl][INFO] - max_angular: 2.0
[2025-12-03 10:09:38,827][skrl][INFO] - omega max: 2.000
[2025-12-03 10:09:38,827][skrl][INFO] - v_right - v_left: 8.480
[2025-12-03 10:09:38,875][skrl][INFO] - max_angular: 2.0
[2025-12-03 10:09:38,875][skrl][INFO] - omega max: 2.000
[2025-12-03 10:09:38,875][skrl][INFO] - v_right - v_left: 8.480
[2025-12-03 10:09:38,923][skrl][INFO] - max_angular: 2.0
[2025-12-03 10:09:38,923][skrl][INFO] - omega max: 2.000
[2025-12-03 10:09:38,923][skrl][INFO] - v_right - v_left: 8.480
[2025-12-03 10:09:38,970][skrl][INFO] - max_angular: 2.0
[2025-12-03 10:09:38,970][skrl][INFO] - omega max: 2.000
[2025-12-03 10:09:38,970][skrl][INFO] - v_right - v_left: 8.480
[2025-12-03 10:09:39,017][skrl][INFO] - max_angular: 2.0
[2025-12-03 10:09:39,017][skrl][INFO] - omega max: 2.000
[2025-12-03 10:09:39,017][skrl][INFO] - v_right - v_left: 8.480
[2025-12-03 10:09:39,064][skrl][INFO] - max_angular: 2.0
[2025-12-03 10:09:39,064][skrl][INFO] - omega max: 2.000
[2025-12-03 10:09:39,064][skrl][INFO] - v_right - v_left: 8.480
[2025-12-03 10:09:39,111][skrl][INFO] - max_angular: 2.0
[2025-12-03 10:09:39,111][skrl][INFO] - omega max: 1.128
[2025-12-03 10:09:39,111][skrl][INFO] - v_right - v_left: 4.784
[2025-12-03 10:09:39,158][skrl][INFO] - max_angular: 2.0
[2025-12-03 10:09:39,158][skrl][INFO] - omega max: 2.000
[2025-12-03 10:09:39,158][skrl][INFO] - v_right - v_left: 8.480
[2025-12-03 10:09:39,206][skrl][INFO] - max_angular: 2.0
[2025-12-03 10:09:39,206][skrl][INFO] - omega max: 2.000
[2025-12-03 10:09:39,206][skrl][INFO] - v_right - v_left: 8.480
[2025-12-03 10:09:39,254][skrl][INFO] - max_angular: 2.0
[2025-12-03 10:09:39,254][skrl][INFO] - omega max: 2.000
[2025-12-03 10:09:39,254][skrl][INFO] - v_right - v_left: 8.480
[2025-12-03 10:09:39,301][skrl][INFO] - max_angular: 2.0
[2025-12-03 10:09:39,301][skrl][INFO] - omega max: 2.000
[2025-12-03 10:09:39,301][skrl][INFO] - v_right - v_left: 8.480
[2025-12-03 10:09:39,348][skrl][INFO] - max_angular: 2.0
[2025-12-03 10:09:39,348][skrl][INFO] - omega max: 2.000
[2025-12-03 10:09:39,348][skrl][INFO] - v_right - v_left: 8.480
[2025-12-03 10:09:39,395][skrl][INFO] - max_angular: 2.0
[2025-12-03 10:09:39,395][skrl][INFO] - omega max: 2.000
[2025-12-03 10:09:39,396][skrl][INFO] - v_right - v_left: 8.480
[2025-12-03 10:09:39,443][skrl][INFO] - max_angular: 2.0
[2025-12-03 10:09:39,443][skrl][INFO] - omega max: 2.000
[2025-12-03 10:09:39,443][skrl][INFO] - v_right - v_left: 8.480
[2025-12-03 10:09:39,491][skrl][INFO] - max_angular: 2.0
[2025-12-03 10:09:39,491][skrl][INFO] - omega max: 2.000
[2025-12-03 10:09:39,491][skrl][INFO] - v_right - v_left: 8.480
[2025-12-03 10:09:39,539][skrl][INFO] - max_angular: 2.0
[2025-12-03 10:09:39,539][skrl][INFO] - omega max: 0.919
[2025-12-03 10:09:39,539][skrl][INFO] - v_right - v_left: 3.897
[2025-12-03 10:09:39,587][skrl][INFO] - max_angular: 2.0
[2025-12-03 10:09:39,587][skrl][INFO] - omega max: 1.516
[2025-12-03 10:09:39,587][skrl][INFO] - v_right - v_left: 6.426
[2025-12-03 10:09:39,635][skrl][INFO] - max_angular: 2.0
[2025-12-03 10:09:39,635][skrl][INFO] - omega max: 2.000
[2025-12-03 10:09:39,635][skrl][INFO] - v_right - v_left: 8.480
[2025-12-03 10:09:39,682][skrl][INFO] - max_angular: 2.0
[2025-12-03 10:09:39,682][skrl][INFO] - omega max: 2.000
[2025-12-03 10:09:39,682][skrl][INFO] - v_right - v_left: 8.480
[2025-12-03 10:09:39,730][skrl][INFO] - max_angular: 2.0
[2025-12-03 10:09:39,730][skrl][INFO] - omega max: 2.000
[2025-12-03 10:09:39,730][skrl][INFO] - v_right - v_left: 8.480
[2025-12-03 10:09:39,778][skrl][INFO] - max_angular: 2.0
[2025-12-03 10:09:39,778][skrl][INFO] - omega max: 2.000
[2025-12-03 10:09:39,778][skrl][INFO] - v_right - v_left: 8.480
[2025-12-03 10:09:39,826][skrl][INFO] - max_angular: 2.0
[2025-12-03 10:09:39,826][skrl][INFO] - omega max: 2.000
[2025-12-03 10:09:39,826][skrl][INFO] - v_right - v_left: 8.480
[2025-12-03 10:09:39,874][skrl][INFO] - max_angular: 2.0
[2025-12-03 10:09:39,874][skrl][INFO] - omega max: 2.000
[2025-12-03 10:09:39,874][skrl][INFO] - v_right - v_left: 8.480
[2025-12-03 10:09:39,922][skrl][INFO] - max_angular: 2.0
[2025-12-03 10:09:39,922][skrl][INFO] - omega max: 2.000
[2025-12-03 10:09:39,922][skrl][INFO] - v_right - v_left: 8.480
[2025-12-03 10:09:39,970][skrl][INFO] - max_angular: 2.0
[2025-12-03 10:09:39,970][skrl][INFO] - omega max: 2.000
[2025-12-03 10:09:39,970][skrl][INFO] - v_right - v_left: 8.480
[2025-12-03 10:09:40,017][skrl][INFO] - max_angular: 2.0
[2025-12-03 10:09:40,017][skrl][INFO] - omega max: 2.000
[2025-12-03 10:09:40,017][skrl][INFO] - v_right - v_left: 8.480
[2025-12-03 10:09:40,064][skrl][INFO] - max_angular: 2.0
[2025-12-03 10:09:40,065][skrl][INFO] - omega max: 2.000
[2025-12-03 10:09:40,065][skrl][INFO] - v_right - v_left: 8.480
[2025-12-03 10:09:40,112][skrl][INFO] - max_angular: 2.0
[2025-12-03 10:09:40,112][skrl][INFO] - omega max: 2.000
[2025-12-03 10:09:40,112][skrl][INFO] - v_right - v_left: 8.480
[2025-12-03 10:09:40,160][skrl][INFO] - max_angular: 2.0
[2025-12-03 10:09:40,161][skrl][INFO] - omega max: 2.000
[2025-12-03 10:09:40,161][skrl][INFO] - v_right - v_left: 8.480
[2025-12-03 10:09:40,208][skrl][INFO] - max_angular: 2.0
[2025-12-03 10:09:40,208][skrl][INFO] - omega max: 1.216
[2025-12-03 10:09:40,208][skrl][INFO] - v_right - v_left: 5.158
[2025-12-03 10:09:40,255][skrl][INFO] - max_angular: 2.0
[2025-12-03 10:09:40,256][skrl][INFO] - omega max: 2.000
[2025-12-03 10:09:40,256][skrl][INFO] - v_right - v_left: 8.480
[2025-12-03 10:09:40,302][skrl][INFO] - max_angular: 2.0
[2025-12-03 10:09:40,303][skrl][INFO] - omega max: 2.000
[2025-12-03 10:09:40,303][skrl][INFO] - v_right - v_left: 8.480
[2025-12-03 10:09:40,350][skrl][INFO] - max_angular: 2.0
[2025-12-03 10:09:40,350][skrl][INFO] - omega max: 2.000
[2025-12-03 10:09:40,350][skrl][INFO] - v_right - v_left: 8.480
[2025-12-03 10:09:40,398][skrl][INFO] - max_angular: 2.0
[2025-12-03 10:09:40,398][skrl][INFO] - omega max: 2.000
[2025-12-03 10:09:40,398][skrl][INFO] - v_right - v_left: 8.480
[2025-12-03 10:09:40,445][skrl][INFO] - max_angular: 2.0
[2025-12-03 10:09:40,445][skrl][INFO] - omega max: 2.000
[2025-12-03 10:09:40,445][skrl][INFO] - v_right - v_left: 8.480
[2025-12-03 10:09:40,493][skrl][INFO] - max_angular: 2.0
[2025-12-03 10:09:40,493][skrl][INFO] - omega max: 2.000
[2025-12-03 10:09:40,493][skrl][INFO] - v_right - v_left: 8.480
[2025-12-03 10:09:40,541][skrl][INFO] - max_angular: 2.0
[2025-12-03 10:09:40,541][skrl][INFO] - omega max: 2.000
[2025-12-03 10:09:40,541][skrl][INFO] - v_right - v_left: 8.480
[2025-12-03 10:09:40,588][skrl][INFO] - max_angular: 2.0
[2025-12-03 10:09:40,589][skrl][INFO] - omega max: 1.697
[2025-12-03 10:09:40,589][skrl][INFO] - v_right - v_left: 7.194
[2025-12-03 10:09:40,636][skrl][INFO] - max_angular: 2.0
[2025-12-03 10:09:40,636][skrl][INFO] - omega max: 1.905
[2025-12-03 10:09:40,636][skrl][INFO] - v_right - v_left: 8.075
[2025-12-03 10:09:40,684][skrl][INFO] - max_angular: 2.0
[2025-12-03 10:09:40,684][skrl][INFO] - omega max: 2.000
[2025-12-03 10:09:40,684][skrl][INFO] - v_right - v_left: 8.480
[2025-12-03 10:09:40,732][skrl][INFO] - max_angular: 2.0
[2025-12-03 10:09:40,732][skrl][INFO] - omega max: 2.000
[2025-12-03 10:09:40,732][skrl][INFO] - v_right - v_left: 8.480
[2025-12-03 10:09:40,779][skrl][INFO] - max_angular: 2.0
[2025-12-03 10:09:40,779][skrl][INFO] - omega max: 2.000
[2025-12-03 10:09:40,779][skrl][INFO] - v_right - v_left: 8.480
[2025-12-03 10:09:40,828][skrl][INFO] - max_angular: 2.0
[2025-12-03 10:09:40,828][skrl][INFO] - omega max: 2.000
[2025-12-03 10:09:40,828][skrl][INFO] - v_right - v_left: 8.480
[2025-12-03 10:09:40,877][skrl][INFO] - max_angular: 2.0
[2025-12-03 10:09:40,877][skrl][INFO] - omega max: 2.000
[2025-12-03 10:09:40,877][skrl][INFO] - v_right - v_left: 8.480
[2025-12-03 10:09:40,926][skrl][INFO] - max_angular: 2.0
[2025-12-03 10:09:40,926][skrl][INFO] - omega max: 2.000
[2025-12-03 10:09:40,926][skrl][INFO] - v_right - v_left: 8.480
[2025-12-03 10:09:40,975][skrl][INFO] - max_angular: 2.0
[2025-12-03 10:09:40,975][skrl][INFO] - omega max: 1.680
[2025-12-03 10:09:40,975][skrl][INFO] - v_right - v_left: 7.121
[2025-12-03 10:09:41,023][skrl][INFO] - max_angular: 2.0
[2025-12-03 10:09:41,023][skrl][INFO] - omega max: 2.000
[2025-12-03 10:09:41,024][skrl][INFO] - v_right - v_left: 8.480
[2025-12-03 10:09:41,072][skrl][INFO] - max_angular: 2.0
[2025-12-03 10:09:41,072][skrl][INFO] - omega max: 1.871
[2025-12-03 10:09:41,072][skrl][INFO] - v_right - v_left: 7.933
[2025-12-03 10:09:41,121][skrl][INFO] - max_angular: 2.0
[2025-12-03 10:09:41,121][skrl][INFO] - omega max: 1.834
[2025-12-03 10:09:41,122][skrl][INFO] - v_right - v_left: 7.775
[2025-12-03 10:09:41,170][skrl][INFO] - max_angular: 2.0
[2025-12-03 10:09:41,170][skrl][INFO] - omega max: 2.000
[2025-12-03 10:09:41,170][skrl][INFO] - v_right - v_left: 8.480
[2025-12-03 10:09:41,219][skrl][INFO] - max_angular: 2.0
[2025-12-03 10:09:41,219][skrl][INFO] - omega max: 2.000
[2025-12-03 10:09:41,219][skrl][INFO] - v_right - v_left: 8.480
[2025-12-03 10:09:41,268][skrl][INFO] - max_angular: 2.0
[2025-12-03 10:09:41,268][skrl][INFO] - omega max: 2.000
[2025-12-03 10:09:41,268][skrl][INFO] - v_right - v_left: 8.480
[2025-12-03 10:09:41,317][skrl][INFO] - max_angular: 2.0
[2025-12-03 10:09:41,317][skrl][INFO] - omega max: 2.000
[2025-12-03 10:09:41,317][skrl][INFO] - v_right - v_left: 8.480
[2025-12-03 10:09:41,366][skrl][INFO] - max_angular: 2.0
[2025-12-03 10:09:41,366][skrl][INFO] - omega max: 2.000
[2025-12-03 10:09:41,366][skrl][INFO] - v_right - v_left: 8.480
[2025-12-03 10:09:41,413][skrl][INFO] - max_angular: 2.0
[2025-12-03 10:09:41,414][skrl][INFO] - omega max: 2.000
[2025-12-03 10:09:41,414][skrl][INFO] - v_right - v_left: 8.480
[2025-12-03 10:09:41,461][skrl][INFO] - max_angular: 2.0
[2025-12-03 10:09:41,461][skrl][INFO] - omega max: 1.974
[2025-12-03 10:09:41,461][skrl][INFO] - v_right - v_left: 8.370
[2025-12-03 10:09:41,509][skrl][INFO] - max_angular: 2.0
[2025-12-03 10:09:41,509][skrl][INFO] - omega max: 2.000
[2025-12-03 10:09:41,509][skrl][INFO] - v_right - v_left: 8.480
[2025-12-03 10:09:41,556][skrl][INFO] - max_angular: 2.0
[2025-12-03 10:09:41,556][skrl][INFO] - omega max: 1.886
[2025-12-03 10:09:41,557][skrl][INFO] - v_right - v_left: 7.997
[2025-12-03 10:09:41,603][skrl][INFO] - max_angular: 2.0
[2025-12-03 10:09:41,603][skrl][INFO] - omega max: 2.000
[2025-12-03 10:09:41,603][skrl][INFO] - v_right - v_left: 8.480
[2025-12-03 10:09:41,651][skrl][INFO] - max_angular: 2.0
[2025-12-03 10:09:41,651][skrl][INFO] - omega max: 1.811
[2025-12-03 10:09:41,651][skrl][INFO] - v_right - v_left: 7.678
[2025-12-03 10:09:41,698][skrl][INFO] - max_angular: 2.0
[2025-12-03 10:09:41,698][skrl][INFO] - omega max: 2.000
[2025-12-03 10:09:41,698][skrl][INFO] - v_right - v_left: 8.480
[2025-12-03 10:09:41,745][skrl][INFO] - max_angular: 2.0
[2025-12-03 10:09:41,745][skrl][INFO] - omega max: 2.000
[2025-12-03 10:09:41,745][skrl][INFO] - v_right - v_left: 8.480
[2025-12-03 10:09:41,793][skrl][INFO] - max_angular: 2.0
[2025-12-03 10:09:41,793][skrl][INFO] - omega max: 2.000
[2025-12-03 10:09:41,793][skrl][INFO] - v_right - v_left: 8.480
[2025-12-03 10:09:41,841][skrl][INFO] - max_angular: 2.0
[2025-12-03 10:09:41,841][skrl][INFO] - omega max: 2.000
[2025-12-03 10:09:41,841][skrl][INFO] - v_right - v_left: 8.480
[2025-12-03 10:09:41,888][skrl][INFO] - max_angular: 2.0
[2025-12-03 10:09:41,889][skrl][INFO] - omega max: 2.000
[2025-12-03 10:09:41,889][skrl][INFO] - v_right - v_left: 8.480
[2025-12-03 10:09:41,937][skrl][INFO] - max_angular: 2.0
[2025-12-03 10:09:41,937][skrl][INFO] - omega max: 2.000
[2025-12-03 10:09:41,937][skrl][INFO] - v_right - v_left: 8.480
[2025-12-03 10:09:41,984][skrl][INFO] - max_angular: 2.0
[2025-12-03 10:09:41,985][skrl][INFO] - omega max: 2.000
[2025-12-03 10:09:41,985][skrl][INFO] - v_right - v_left: 8.480
[2025-12-03 10:09:42,032][skrl][INFO] - max_angular: 2.0
[2025-12-03 10:09:42,032][skrl][INFO] - omega max: 2.000
[2025-12-03 10:09:42,032][skrl][INFO] - v_right - v_left: 8.480
[2025-12-03 10:09:42,080][skrl][INFO] - max_angular: 2.0
[2025-12-03 10:09:42,080][skrl][INFO] - omega max: 2.000
[2025-12-03 10:09:42,080][skrl][INFO] - v_right - v_left: 8.480
[2025-12-03 10:09:42,128][skrl][INFO] - max_angular: 2.0
[2025-12-03 10:09:42,128][skrl][INFO] - omega max: 2.000
[2025-12-03 10:09:42,128][skrl][INFO] - v_right - v_left: 8.480
[2025-12-03 10:09:42,177][skrl][INFO] - max_angular: 2.0
[2025-12-03 10:09:42,178][skrl][INFO] - omega max: 1.346
[2025-12-03 10:09:42,178][skrl][INFO] - v_right - v_left: 5.708
[2025-12-03 10:09:42,228][skrl][INFO] - max_angular: 2.0
[2025-12-03 10:09:42,228][skrl][INFO] - omega max: 2.000
[2025-12-03 10:09:42,228][skrl][INFO] - v_right - v_left: 8.480
[2025-12-03 10:09:42,279][skrl][INFO] - max_angular: 2.0
[2025-12-03 10:09:42,279][skrl][INFO] - omega max: 2.000
[2025-12-03 10:09:42,279][skrl][INFO] - v_right - v_left: 8.480
[2025-12-03 10:09:42,329][skrl][INFO] - max_angular: 2.0
[2025-12-03 10:09:42,329][skrl][INFO] - omega max: 1.934
[2025-12-03 10:09:42,329][skrl][INFO] - v_right - v_left: 8.201
[2025-12-03 10:09:42,381][skrl][INFO] - max_angular: 2.0
[2025-12-03 10:09:42,381][skrl][INFO] - omega max: 2.000
[2025-12-03 10:09:42,381][skrl][INFO] - v_right - v_left: 8.480
[2025-12-03 10:09:42,431][skrl][INFO] - max_angular: 2.0
[2025-12-03 10:09:42,431][skrl][INFO] - omega max: 2.000
[2025-12-03 10:09:42,431][skrl][INFO] - v_right - v_left: 8.480
[2025-12-03 10:09:42,482][skrl][INFO] - max_angular: 2.0
[2025-12-03 10:09:42,482][skrl][INFO] - omega max: 2.000
[2025-12-03 10:09:42,482][skrl][INFO] - v_right - v_left: 8.480
[2025-12-03 10:09:42,536][skrl][INFO] - max_angular: 2.0
[2025-12-03 10:09:42,536][skrl][INFO] - omega max: 1.382
[2025-12-03 10:09:42,536][skrl][INFO] - v_right - v_left: 5.860
[2025-12-03 10:09:42,587][skrl][INFO] - max_angular: 2.0
[2025-12-03 10:09:42,587][skrl][INFO] - omega max: 2.000
[2025-12-03 10:09:42,587][skrl][INFO] - v_right - v_left: 8.480
[2025-12-03 10:09:42,637][skrl][INFO] - max_angular: 2.0
[2025-12-03 10:09:42,637][skrl][INFO] - omega max: 2.000
[2025-12-03 10:09:42,637][skrl][INFO] - v_right - v_left: 8.480
[2025-12-03 10:09:42,687][skrl][INFO] - max_angular: 2.0
[2025-12-03 10:09:42,687][skrl][INFO] - omega max: 2.000
[2025-12-03 10:09:42,687][skrl][INFO] - v_right - v_left: 8.480
[2025-12-03 10:09:42,737][skrl][INFO] - max_angular: 2.0
[2025-12-03 10:09:42,737][skrl][INFO] - omega max: 2.000
[2025-12-03 10:09:42,737][skrl][INFO] - v_right - v_left: 8.480
[2025-12-03 10:09:42,787][skrl][INFO] - max_angular: 2.0
[2025-12-03 10:09:42,788][skrl][INFO] - omega max: 2.000
[2025-12-03 10:09:42,788][skrl][INFO] - v_right - v_left: 8.480
[2025-12-03 10:09:42,839][skrl][INFO] - max_angular: 2.0
[2025-12-03 10:09:42,839][skrl][INFO] - omega max: 1.628
[2025-12-03 10:09:42,839][skrl][INFO] - v_right - v_left: 6.904
[2025-12-03 10:09:42,889][skrl][INFO] - max_angular: 2.0
[2025-12-03 10:09:42,890][skrl][INFO] - omega max: 1.709
[2025-12-03 10:09:42,890][skrl][INFO] - v_right - v_left: 7.244
[2025-12-03 10:09:42,939][skrl][INFO] - max_angular: 2.0
[2025-12-03 10:09:42,940][skrl][INFO] - omega max: 2.000
[2025-12-03 10:09:42,940][skrl][INFO] - v_right - v_left: 8.480
[2025-12-03 10:09:42,989][skrl][INFO] - max_angular: 2.0
[2025-12-03 10:09:42,989][skrl][INFO] - omega max: 2.000
[2025-12-03 10:09:42,989][skrl][INFO] - v_right - v_left: 8.480
[2025-12-03 10:09:43,041][skrl][INFO] - max_angular: 2.0
[2025-12-03 10:09:43,041][skrl][INFO] - omega max: 2.000
[2025-12-03 10:09:43,041][skrl][INFO] - v_right - v_left: 8.480
[2025-12-03 10:09:43,094][skrl][INFO] - max_angular: 2.0
[2025-12-03 10:09:43,094][skrl][INFO] - omega max: 2.000
[2025-12-03 10:09:43,094][skrl][INFO] - v_right - v_left: 8.480
[2025-12-03 10:09:43,144][skrl][INFO] - max_angular: 2.0
[2025-12-03 10:09:43,144][skrl][INFO] - omega max: 1.399
[2025-12-03 10:09:43,144][skrl][INFO] - v_right - v_left: 5.930
[2025-12-03 10:09:43,194][skrl][INFO] - max_angular: 2.0
[2025-12-03 10:09:43,195][skrl][INFO] - omega max: 2.000
[2025-12-03 10:09:43,195][skrl][INFO] - v_right - v_left: 8.480
[2025-12-03 10:09:43,244][skrl][INFO] - max_angular: 2.0
[2025-12-03 10:09:43,244][skrl][INFO] - omega max: 2.000
[2025-12-03 10:09:43,244][skrl][INFO] - v_right - v_left: 8.480
[2025-12-03 10:09:43,294][skrl][INFO] - max_angular: 2.0
[2025-12-03 10:09:43,294][skrl][INFO] - omega max: 2.000
[2025-12-03 10:09:43,294][skrl][INFO] - v_right - v_left: 8.480
[2025-12-03 10:09:43,345][skrl][INFO] - max_angular: 2.0
[2025-12-03 10:09:43,345][skrl][INFO] - omega max: 2.000
[2025-12-03 10:09:43,345][skrl][INFO] - v_right - v_left: 8.480
[2025-12-03 10:09:43,394][skrl][INFO] - max_angular: 2.0
[2025-12-03 10:09:43,395][skrl][INFO] - omega max: 2.000
[2025-12-03 10:09:43,395][skrl][INFO] - v_right - v_left: 8.480
[2025-12-03 10:09:43,445][skrl][INFO] - max_angular: 2.0
[2025-12-03 10:09:43,447][skrl][INFO] - omega max: 2.000
[2025-12-03 10:09:43,447][skrl][INFO] - v_right - v_left: 8.480
[2025-12-03 10:09:43,498][skrl][INFO] - max_angular: 2.0
[2025-12-03 10:09:43,498][skrl][INFO] - omega max: 2.000
[2025-12-03 10:09:43,498][skrl][INFO] - v_right - v_left: 8.480
[2025-12-03 10:09:43,552][skrl][INFO] - max_angular: 2.0
[2025-12-03 10:09:43,552][skrl][INFO] - omega max: 2.000
[2025-12-03 10:09:43,552][skrl][INFO] - v_right - v_left: 8.480
[2025-12-03 10:09:43,602][skrl][INFO] - max_angular: 2.0
[2025-12-03 10:09:43,602][skrl][INFO] - omega max: 1.786
[2025-12-03 10:09:43,602][skrl][INFO] - v_right - v_left: 7.571
[2025-12-03 10:09:43,653][skrl][INFO] - max_angular: 2.0
[2025-12-03 10:09:43,654][skrl][INFO] - omega max: 2.000
[2025-12-03 10:09:43,654][skrl][INFO] - v_right - v_left: 8.480
[2025-12-03 10:09:43,703][skrl][INFO] - max_angular: 2.0
[2025-12-03 10:09:43,703][skrl][INFO] - omega max: 2.000
[2025-12-03 10:09:43,703][skrl][INFO] - v_right - v_left: 8.480
[2025-12-03 10:09:43,754][skrl][INFO] - max_angular: 2.0
[2025-12-03 10:09:43,754][skrl][INFO] - omega max: 1.430
[2025-12-03 10:09:43,754][skrl][INFO] - v_right - v_left: 6.062
[2025-12-03 10:09:43,804][skrl][INFO] - max_angular: 2.0
[2025-12-03 10:09:43,804][skrl][INFO] - omega max: 2.000
[2025-12-03 10:09:43,804][skrl][INFO] - v_right - v_left: 8.480
[2025-12-03 10:09:43,854][skrl][INFO] - max_angular: 2.0
[2025-12-03 10:09:43,855][skrl][INFO] - omega max: 2.000
[2025-12-03 10:09:43,855][skrl][INFO] - v_right - v_left: 8.480
[2025-12-03 10:09:43,904][skrl][INFO] - max_angular: 2.0
[2025-12-03 10:09:43,905][skrl][INFO] - omega max: 2.000
[2025-12-03 10:09:43,905][skrl][INFO] - v_right - v_left: 8.480
[2025-12-03 10:09:43,953][skrl][INFO] - max_angular: 2.0
[2025-12-03 10:09:43,954][skrl][INFO] - omega max: 2.000
[2025-12-03 10:09:43,954][skrl][INFO] - v_right - v_left: 8.480
[2025-12-03 10:09:44,007][skrl][INFO] - max_angular: 2.0
[2025-12-03 10:09:44,007][skrl][INFO] - omega max: 2.000
[2025-12-03 10:09:44,007][skrl][INFO] - v_right - v_left: 8.480
[2025-12-03 10:09:44,057][skrl][INFO] - max_angular: 2.0
[2025-12-03 10:09:44,057][skrl][INFO] - omega max: 2.000
[2025-12-03 10:09:44,057][skrl][INFO] - v_right - v_left: 8.480
[2025-12-03 10:09:44,106][skrl][INFO] - max_angular: 2.0
[2025-12-03 10:09:44,107][skrl][INFO] - omega max: 2.000
[2025-12-03 10:09:44,107][skrl][INFO] - v_right - v_left: 8.480
[2025-12-03 10:09:44,156][skrl][INFO] - max_angular: 2.0
[2025-12-03 10:09:44,157][skrl][INFO] - omega max: 1.745
[2025-12-03 10:09:44,157][skrl][INFO] - v_right - v_left: 7.400
[2025-12-03 10:09:44,205][skrl][INFO] - max_angular: 2.0
[2025-12-03 10:09:44,206][skrl][INFO] - omega max: 2.000
[2025-12-03 10:09:44,206][skrl][INFO] - v_right - v_left: 8.480
[2025-12-03 10:09:44,254][skrl][INFO] - max_angular: 2.0
[2025-12-03 10:09:44,254][skrl][INFO] - omega max: 0.963
[2025-12-03 10:09:44,254][skrl][INFO] - v_right - v_left: 4.083
[2025-12-03 10:09:44,303][skrl][INFO] - max_angular: 2.0
[2025-12-03 10:09:44,303][skrl][INFO] - omega max: 0.898
[2025-12-03 10:09:44,303][skrl][INFO] - v_right - v_left: 3.807
[2025-12-03 10:09:44,350][skrl][INFO] - max_angular: 2.0
[2025-12-03 10:09:44,350][skrl][INFO] - omega max: 2.000
[2025-12-03 10:09:44,350][skrl][INFO] - v_right - v_left: 8.480
[2025-12-03 10:09:44,398][skrl][INFO] - max_angular: 2.0
[2025-12-03 10:09:44,398][skrl][INFO] - omega max: 2.000
[2025-12-03 10:09:44,398][skrl][INFO] - v_right - v_left: 8.480
[2025-12-03 10:09:44,446][skrl][INFO] - max_angular: 2.0
[2025-12-03 10:09:44,446][skrl][INFO] - omega max: 2.000
[2025-12-03 10:09:44,446][skrl][INFO] - v_right - v_left: 8.480
[2025-12-03 10:09:44,493][skrl][INFO] - max_angular: 2.0
[2025-12-03 10:09:44,493][skrl][INFO] - omega max: 0.976
[2025-12-03 10:09:44,493][skrl][INFO] - v_right - v_left: 4.136
[2025-12-03 10:09:44,541][skrl][INFO] - max_angular: 2.0
[2025-12-03 10:09:44,541][skrl][INFO] - omega max: 1.683
[2025-12-03 10:09:44,541][skrl][INFO] - v_right - v_left: 7.136
[2025-12-03 10:09:44,589][skrl][INFO] - max_angular: 2.0
[2025-12-03 10:09:44,589][skrl][INFO] - omega max: 2.000
[2025-12-03 10:09:44,589][skrl][INFO] - v_right - v_left: 8.480
[2025-12-03 10:09:44,883][skrl][INFO] - max_angular: 2.0
[2025-12-03 10:09:44,883][skrl][INFO] - omega max: 1.365
[2025-12-03 10:09:44,883][skrl][INFO] - v_right - v_left: 5.788
[2025-12-03 10:09:44,932][skrl][INFO] - max_angular: 2.0
[2025-12-03 10:09:44,932][skrl][INFO] - omega max: 2.000
[2025-12-03 10:09:44,932][skrl][INFO] - v_right - v_left: 8.480
[2025-12-03 10:09:44,981][skrl][INFO] - max_angular: 2.0
[2025-12-03 10:09:44,981][skrl][INFO] - omega max: 2.000
[2025-12-03 10:09:44,981][skrl][INFO] - v_right - v_left: 8.480
[2025-12-03 10:09:45,030][skrl][INFO] - max_angular: 2.0
[2025-12-03 10:09:45,030][skrl][INFO] - omega max: 2.000
[2025-12-03 10:09:45,030][skrl][INFO] - v_right - v_left: 8.480
[2025-12-03 10:09:45,078][skrl][INFO] - max_angular: 2.0
[2025-12-03 10:09:45,078][skrl][INFO] - omega max: 2.000
[2025-12-03 10:09:45,078][skrl][INFO] - v_right - v_left: 8.480
[2025-12-03 10:09:45,131][skrl][INFO] - max_angular: 2.0
[2025-12-03 10:09:45,131][skrl][INFO] - omega max: 2.000
[2025-12-03 10:09:45,131][skrl][INFO] - v_right - v_left: 8.480
[2025-12-03 10:09:45,180][skrl][INFO] - max_angular: 2.0
[2025-12-03 10:09:45,180][skrl][INFO] - omega max: 2.000
[2025-12-03 10:09:45,181][skrl][INFO] - v_right - v_left: 8.480
[2025-12-03 10:09:45,229][skrl][INFO] - max_angular: 2.0
[2025-12-03 10:09:45,229][skrl][INFO] - omega max: 2.000
[2025-12-03 10:09:45,229][skrl][INFO] - v_right - v_left: 8.480
[2025-12-03 10:09:45,278][skrl][INFO] - max_angular: 2.0
[2025-12-03 10:09:45,278][skrl][INFO] - omega max: 2.000
[2025-12-03 10:09:45,278][skrl][INFO] - v_right - v_left: 8.480
[2025-12-03 10:09:45,326][skrl][INFO] - max_angular: 2.0
[2025-12-03 10:09:45,327][skrl][INFO] - omega max: 2.000
[2025-12-03 10:09:45,327][skrl][INFO] - v_right - v_left: 8.480
[2025-12-03 10:09:45,375][skrl][INFO] - max_angular: 2.0
[2025-12-03 10:09:45,375][skrl][INFO] - omega max: 2.000
[2025-12-03 10:09:45,375][skrl][INFO] - v_right - v_left: 8.480
[2025-12-03 10:09:45,424][skrl][INFO] - max_angular: 2.0
[2025-12-03 10:09:45,424][skrl][INFO] - omega max: 2.000
[2025-12-03 10:09:45,424][skrl][INFO] - v_right - v_left: 8.480
[2025-12-03 10:09:45,472][skrl][INFO] - max_angular: 2.0
[2025-12-03 10:09:45,473][skrl][INFO] - omega max: 2.000
[2025-12-03 10:09:45,473][skrl][INFO] - v_right - v_left: 8.480
[2025-12-03 10:09:45,521][skrl][INFO] - max_angular: 2.0
[2025-12-03 10:09:45,521][skrl][INFO] - omega max: 2.000
[2025-12-03 10:09:45,521][skrl][INFO] - v_right - v_left: 8.480
[2025-12-03 10:09:45,568][skrl][INFO] - max_angular: 2.0
[2025-12-03 10:09:45,569][skrl][INFO] - omega max: 2.000
[2025-12-03 10:09:45,569][skrl][INFO] - v_right - v_left: 8.480
[2025-12-03 10:09:45,616][skrl][INFO] - max_angular: 2.0
[2025-12-03 10:09:45,616][skrl][INFO] - omega max: 2.000
[2025-12-03 10:09:45,616][skrl][INFO] - v_right - v_left: 8.480
[2025-12-03 10:09:45,664][skrl][INFO] - max_angular: 2.0
[2025-12-03 10:09:45,664][skrl][INFO] - omega max: 1.447
[2025-12-03 10:09:45,664][skrl][INFO] - v_right - v_left: 6.136
[2025-12-03 10:09:45,712][skrl][INFO] - max_angular: 2.0
[2025-12-03 10:09:45,712][skrl][INFO] - omega max: 2.000
[2025-12-03 10:09:45,712][skrl][INFO] - v_right - v_left: 8.480
[2025-12-03 10:09:45,759][skrl][INFO] - max_angular: 2.0
[2025-12-03 10:09:45,759][skrl][INFO] - omega max: 1.636
[2025-12-03 10:09:45,759][skrl][INFO] - v_right - v_left: 6.935
[2025-12-03 10:09:45,806][skrl][INFO] - max_angular: 2.0
[2025-12-03 10:09:45,807][skrl][INFO] - omega max: 1.988
[2025-12-03 10:09:45,807][skrl][INFO] - v_right - v_left: 8.427
[2025-12-03 10:09:45,855][skrl][INFO] - max_angular: 2.0
[2025-12-03 10:09:45,855][skrl][INFO] - omega max: 2.000
[2025-12-03 10:09:45,855][skrl][INFO] - v_right - v_left: 8.480
[2025-12-03 10:09:45,903][skrl][INFO] - max_angular: 2.0
[2025-12-03 10:09:45,903][skrl][INFO] - omega max: 2.000
[2025-12-03 10:09:45,903][skrl][INFO] - v_right - v_left: 8.480
[2025-12-03 10:09:45,950][skrl][INFO] - max_angular: 2.0
[2025-12-03 10:09:45,950][skrl][INFO] - omega max: 2.000
[2025-12-03 10:09:45,950][skrl][INFO] - v_right - v_left: 8.480
[2025-12-03 10:09:45,998][skrl][INFO] - max_angular: 2.0
[2025-12-03 10:09:45,998][skrl][INFO] - omega max: 1.861
[2025-12-03 10:09:45,998][skrl][INFO] - v_right - v_left: 7.890
[2025-12-03 10:09:46,045][skrl][INFO] - max_angular: 2.0
[2025-12-03 10:09:46,045][skrl][INFO] - omega max: 1.330
[2025-12-03 10:09:46,045][skrl][INFO] - v_right - v_left: 5.640
[2025-12-03 10:09:46,093][skrl][INFO] - max_angular: 2.0
[2025-12-03 10:09:46,093][skrl][INFO] - omega max: 1.763
[2025-12-03 10:09:46,093][skrl][INFO] - v_right - v_left: 7.476
[2025-12-03 10:09:46,145][skrl][INFO] - max_angular: 2.0
[2025-12-03 10:09:46,145][skrl][INFO] - omega max: 2.000
[2025-12-03 10:09:46,145][skrl][INFO] - v_right - v_left: 8.480
[2025-12-03 10:09:46,194][skrl][INFO] - max_angular: 2.0
[2025-12-03 10:09:46,194][skrl][INFO] - omega max: 1.464
[2025-12-03 10:09:46,194][skrl][INFO] - v_right - v_left: 6.208
[2025-12-03 10:09:46,242][skrl][INFO] - max_angular: 2.0
[2025-12-03 10:09:46,242][skrl][INFO] - omega max: 1.718
[2025-12-03 10:09:46,242][skrl][INFO] - v_right - v_left: 7.284
[2025-12-03 10:09:46,290][skrl][INFO] - max_angular: 2.0
[2025-12-03 10:09:46,290][skrl][INFO] - omega max: 2.000
[2025-12-03 10:09:46,291][skrl][INFO] - v_right - v_left: 8.480
[2025-12-03 10:09:46,338][skrl][INFO] - max_angular: 2.0
[2025-12-03 10:09:46,338][skrl][INFO] - omega max: 2.000
[2025-12-03 10:09:46,338][skrl][INFO] - v_right - v_left: 8.480
[2025-12-03 10:09:46,386][skrl][INFO] - max_angular: 2.0
[2025-12-03 10:09:46,386][skrl][INFO] - omega max: 2.000
[2025-12-03 10:09:46,386][skrl][INFO] - v_right - v_left: 8.480
[2025-12-03 10:09:46,433][skrl][INFO] - max_angular: 2.0
[2025-12-03 10:09:46,433][skrl][INFO] - omega max: 2.000
[2025-12-03 10:09:46,434][skrl][INFO] - v_right - v_left: 8.480
[2025-12-03 10:09:46,481][skrl][INFO] - max_angular: 2.0
[2025-12-03 10:09:46,481][skrl][INFO] - omega max: 2.000
[2025-12-03 10:09:46,481][skrl][INFO] - v_right - v_left: 8.480
[2025-12-03 10:09:46,529][skrl][INFO] - max_angular: 2.0
[2025-12-03 10:09:46,529][skrl][INFO] - omega max: 2.000
[2025-12-03 10:09:46,529][skrl][INFO] - v_right - v_left: 8.480
[2025-12-03 10:09:46,577][skrl][INFO] - max_angular: 2.0
[2025-12-03 10:09:46,577][skrl][INFO] - omega max: 2.000
[2025-12-03 10:09:46,577][skrl][INFO] - v_right - v_left: 8.480
[2025-12-03 10:09:46,625][skrl][INFO] - max_angular: 2.0
[2025-12-03 10:09:46,625][skrl][INFO] - omega max: 2.000
[2025-12-03 10:09:46,625][skrl][INFO] - v_right - v_left: 8.480
[2025-12-03 10:09:46,672][skrl][INFO] - max_angular: 2.0
[2025-12-03 10:09:46,672][skrl][INFO] - omega max: 2.000
[2025-12-03 10:09:46,672][skrl][INFO] - v_right - v_left: 8.480
[2025-12-03 10:09:46,720][skrl][INFO] - max_angular: 2.0
[2025-12-03 10:09:46,720][skrl][INFO] - omega max: 1.175
[2025-12-03 10:09:46,720][skrl][INFO] - v_right - v_left: 4.981
[2025-12-03 10:09:46,768][skrl][INFO] - max_angular: 2.0
[2025-12-03 10:09:46,768][skrl][INFO] - omega max: 1.257
[2025-12-03 10:09:46,768][skrl][INFO] - v_right - v_left: 5.329
[2025-12-03 10:09:46,816][skrl][INFO] - max_angular: 2.0
[2025-12-03 10:09:46,816][skrl][INFO] - omega max: 2.000
[2025-12-03 10:09:46,816][skrl][INFO] - v_right - v_left: 8.480
[2025-12-03 10:09:46,864][skrl][INFO] - max_angular: 2.0
[2025-12-03 10:09:46,864][skrl][INFO] - omega max: 2.000
[2025-12-03 10:09:46,864][skrl][INFO] - v_right - v_left: 8.480
[2025-12-03 10:09:46,912][skrl][INFO] - max_angular: 2.0
[2025-12-03 10:09:46,912][skrl][INFO] - omega max: 1.614
[2025-12-03 10:09:46,912][skrl][INFO] - v_right - v_left: 6.841
[2025-12-03 10:09:46,960][skrl][INFO] - max_angular: 2.0
[2025-12-03 10:09:46,960][skrl][INFO] - omega max: 2.000
[2025-12-03 10:09:46,960][skrl][INFO] - v_right - v_left: 8.480
[2025-12-03 10:09:47,008][skrl][INFO] - max_angular: 2.0
[2025-12-03 10:09:47,008][skrl][INFO] - omega max: 2.000
[2025-12-03 10:09:47,008][skrl][INFO] - v_right - v_left: 8.480
[2025-12-03 10:09:47,056][skrl][INFO] - max_angular: 2.0
[2025-12-03 10:09:47,056][skrl][INFO] - omega max: 2.000
[2025-12-03 10:09:47,056][skrl][INFO] - v_right - v_left: 8.480
[2025-12-03 10:09:47,103][skrl][INFO] - max_angular: 2.0
[2025-12-03 10:09:47,104][skrl][INFO] - omega max: 0.698
[2025-12-03 10:09:47,104][skrl][INFO] - v_right - v_left: 2.959
[2025-12-03 10:09:47,152][skrl][INFO] - max_angular: 2.0
[2025-12-03 10:09:47,152][skrl][INFO] - omega max: 2.000
[2025-12-03 10:09:47,152][skrl][INFO] - v_right - v_left: 8.480
[2025-12-03 10:09:47,200][skrl][INFO] - max_angular: 2.0
[2025-12-03 10:09:47,200][skrl][INFO] - omega max: 2.000
[2025-12-03 10:09:47,200][skrl][INFO] - v_right - v_left: 8.480
[2025-12-03 10:09:47,247][skrl][INFO] - max_angular: 2.0
[2025-12-03 10:09:47,247][skrl][INFO] - omega max: 2.000
[2025-12-03 10:09:47,247][skrl][INFO] - v_right - v_left: 8.480
[2025-12-03 10:09:47,295][skrl][INFO] - max_angular: 2.0
[2025-12-03 10:09:47,295][skrl][INFO] - omega max: 1.293
[2025-12-03 10:09:47,295][skrl][INFO] - v_right - v_left: 5.484
[2025-12-03 10:09:47,342][skrl][INFO] - max_angular: 2.0
[2025-12-03 10:09:47,343][skrl][INFO] - omega max: 2.000
[2025-12-03 10:09:47,343][skrl][INFO] - v_right - v_left: 8.480
[2025-12-03 10:09:47,390][skrl][INFO] - max_angular: 2.0
[2025-12-03 10:09:47,390][skrl][INFO] - omega max: 2.000
[2025-12-03 10:09:47,390][skrl][INFO] - v_right - v_left: 8.480
[2025-12-03 10:09:47,438][skrl][INFO] - max_angular: 2.0
[2025-12-03 10:09:47,438][skrl][INFO] - omega max: 2.000
[2025-12-03 10:09:47,438][skrl][INFO] - v_right - v_left: 8.480
[2025-12-03 10:09:47,486][skrl][INFO] - max_angular: 2.0
[2025-12-03 10:09:47,486][skrl][INFO] - omega max: 0.910
[2025-12-03 10:09:47,486][skrl][INFO] - v_right - v_left: 3.858
[2025-12-03 10:09:47,533][skrl][INFO] - max_angular: 2.0
[2025-12-03 10:09:47,533][skrl][INFO] - omega max: 2.000
[2025-12-03 10:09:47,533][skrl][INFO] - v_right - v_left: 8.480
[2025-12-03 10:09:47,581][skrl][INFO] - max_angular: 2.0
[2025-12-03 10:09:47,581][skrl][INFO] - omega max: 2.000
[2025-12-03 10:09:47,582][skrl][INFO] - v_right - v_left: 8.480
[2025-12-03 10:09:47,629][skrl][INFO] - max_angular: 2.0
[2025-12-03 10:09:47,629][skrl][INFO] - omega max: 2.000
[2025-12-03 10:09:47,629][skrl][INFO] - v_right - v_left: 8.480
[2025-12-03 10:09:47,677][skrl][INFO] - max_angular: 2.0
[2025-12-03 10:09:47,677][skrl][INFO] - omega max: 2.000
[2025-12-03 10:09:47,677][skrl][INFO] - v_right - v_left: 8.480
[2025-12-03 10:09:47,725][skrl][INFO] - max_angular: 2.0
[2025-12-03 10:09:47,725][skrl][INFO] - omega max: 2.000
[2025-12-03 10:09:47,725][skrl][INFO] - v_right - v_left: 8.480
[2025-12-03 10:09:47,773][skrl][INFO] - max_angular: 2.0
[2025-12-03 10:09:47,773][skrl][INFO] - omega max: 2.000
[2025-12-03 10:09:47,773][skrl][INFO] - v_right - v_left: 8.480
[2025-12-03 10:09:47,820][skrl][INFO] - max_angular: 2.0
[2025-12-03 10:09:47,821][skrl][INFO] - omega max: 2.000
[2025-12-03 10:09:47,821][skrl][INFO] - v_right - v_left: 8.480
[2025-12-03 10:09:47,868][skrl][INFO] - max_angular: 2.0
[2025-12-03 10:09:47,868][skrl][INFO] - omega max: 2.000
[2025-12-03 10:09:47,868][skrl][INFO] - v_right - v_left: 8.480
[2025-12-03 10:09:47,916][skrl][INFO] - max_angular: 2.0
[2025-12-03 10:09:47,916][skrl][INFO] - omega max: 2.000
[2025-12-03 10:09:47,916][skrl][INFO] - v_right - v_left: 8.480
[2025-12-03 10:09:47,963][skrl][INFO] - max_angular: 2.0
[2025-12-03 10:09:47,964][skrl][INFO] - omega max: 2.000
[2025-12-03 10:09:47,964][skrl][INFO] - v_right - v_left: 8.480
[2025-12-03 10:09:48,011][skrl][INFO] - max_angular: 2.0
[2025-12-03 10:09:48,011][skrl][INFO] - omega max: 2.000
[2025-12-03 10:09:48,012][skrl][INFO] - v_right - v_left: 8.480
[2025-12-03 10:09:48,059][skrl][INFO] - max_angular: 2.0
[2025-12-03 10:09:48,059][skrl][INFO] - omega max: 2.000
[2025-12-03 10:09:48,059][skrl][INFO] - v_right - v_left: 8.480
[2025-12-03 10:09:48,107][skrl][INFO] - max_angular: 2.0
[2025-12-03 10:09:48,107][skrl][INFO] - omega max: 1.625
[2025-12-03 10:09:48,107][skrl][INFO] - v_right - v_left: 6.890
[2025-12-03 10:09:48,155][skrl][INFO] - max_angular: 2.0
[2025-12-03 10:09:48,155][skrl][INFO] - omega max: 2.000
[2025-12-03 10:09:48,155][skrl][INFO] - v_right - v_left: 8.480
[2025-12-03 10:09:48,202][skrl][INFO] - max_angular: 2.0
[2025-12-03 10:09:48,202][skrl][INFO] - omega max: 2.000
[2025-12-03 10:09:48,203][skrl][INFO] - v_right - v_left: 8.480
[2025-12-03 10:09:48,250][skrl][INFO] - max_angular: 2.0
[2025-12-03 10:09:48,250][skrl][INFO] - omega max: 2.000
[2025-12-03 10:09:48,250][skrl][INFO] - v_right - v_left: 8.480
[2025-12-03 10:09:48,298][skrl][INFO] - max_angular: 2.0
[2025-12-03 10:09:48,298][skrl][INFO] - omega max: 2.000
[2025-12-03 10:09:48,298][skrl][INFO] - v_right - v_left: 8.480
[2025-12-03 10:09:48,346][skrl][INFO] - max_angular: 2.0
[2025-12-03 10:09:48,346][skrl][INFO] - omega max: 2.000
[2025-12-03 10:09:48,346][skrl][INFO] - v_right - v_left: 8.480
[2025-12-03 10:09:48,393][skrl][INFO] - max_angular: 2.0
[2025-12-03 10:09:48,394][skrl][INFO] - omega max: 2.000
[2025-12-03 10:09:48,394][skrl][INFO] - v_right - v_left: 8.480
[2025-12-03 10:09:48,441][skrl][INFO] - max_angular: 2.0
[2025-12-03 10:09:48,441][skrl][INFO] - omega max: 2.000
[2025-12-03 10:09:48,493][skrl][INFO] - v_right - v_left: 8.480
[2025-12-03 10:09:48,541][skrl][INFO] - max_angular: 2.0
[2025-12-03 10:09:48,541][skrl][INFO] - omega max: 2.000
[2025-12-03 10:09:48,541][skrl][INFO] - v_right - v_left: 8.480
[2025-12-03 10:09:48,589][skrl][INFO] - max_angular: 2.0
[2025-12-03 10:09:48,589][skrl][INFO] - omega max: 2.000
[2025-12-03 10:09:48,589][skrl][INFO] - v_right - v_left: 8.480
[2025-12-03 10:09:48,637][skrl][INFO] - max_angular: 2.0
[2025-12-03 10:09:48,637][skrl][INFO] - omega max: 1.626
[2025-12-03 10:09:48,637][skrl][INFO] - v_right - v_left: 6.892
[2025-12-03 10:09:48,685][skrl][INFO] - max_angular: 2.0
[2025-12-03 10:09:48,685][skrl][INFO] - omega max: 2.000
[2025-12-03 10:09:48,685][skrl][INFO] - v_right - v_left: 8.480
[2025-12-03 10:09:48,733][skrl][INFO] - max_angular: 2.0
[2025-12-03 10:09:48,733][skrl][INFO] - omega max: 1.572
[2025-12-03 10:09:48,733][skrl][INFO] - v_right - v_left: 6.663
[2025-12-03 10:09:48,781][skrl][INFO] - max_angular: 2.0
[2025-12-03 10:09:48,781][skrl][INFO] - omega max: 2.000
[2025-12-03 10:09:48,781][skrl][INFO] - v_right - v_left: 8.480
[2025-12-03 10:09:48,829][skrl][INFO] - max_angular: 2.0
[2025-12-03 10:09:48,829][skrl][INFO] - omega max: 2.000
[2025-12-03 10:09:48,830][skrl][INFO] - v_right - v_left: 8.480
[2025-12-03 10:09:48,877][skrl][INFO] - max_angular: 2.0
[2025-12-03 10:09:48,878][skrl][INFO] - omega max: 1.597
[2025-12-03 10:09:48,878][skrl][INFO] - v_right - v_left: 6.769
[2025-12-03 10:09:48,927][skrl][INFO] - max_angular: 2.0
[2025-12-03 10:09:48,927][skrl][INFO] - omega max: 1.992
[2025-12-03 10:09:48,927][skrl][INFO] - v_right - v_left: 8.447
[2025-12-03 10:09:48,974][skrl][INFO] - max_angular: 2.0
[2025-12-03 10:09:48,975][skrl][INFO] - omega max: 2.000
[2025-12-03 10:09:48,975][skrl][INFO] - v_right - v_left: 8.480
[2025-12-03 10:09:49,022][skrl][INFO] - max_angular: 2.0
[2025-12-03 10:09:49,022][skrl][INFO] - omega max: 2.000
[2025-12-03 10:09:49,022][skrl][INFO] - v_right - v_left: 8.480
[2025-12-03 10:09:49,069][skrl][INFO] - max_angular: 2.0
[2025-12-03 10:09:49,070][skrl][INFO] - omega max: 0.945
[2025-12-03 10:09:49,070][skrl][INFO] - v_right - v_left: 4.005
[2025-12-03 10:09:49,117][skrl][INFO] - max_angular: 2.0
[2025-12-03 10:09:49,117][skrl][INFO] - omega max: 2.000
[2025-12-03 10:09:49,117][skrl][INFO] - v_right - v_left: 8.480
[2025-12-03 10:09:49,165][skrl][INFO] - max_angular: 2.0
[2025-12-03 10:09:49,165][skrl][INFO] - omega max: 2.000
[2025-12-03 10:09:49,165][skrl][INFO] - v_right - v_left: 8.480
[2025-12-03 10:09:49,212][skrl][INFO] - max_angular: 2.0
[2025-12-03 10:09:49,212][skrl][INFO] - omega max: 2.000
[2025-12-03 10:09:49,212][skrl][INFO] - v_right - v_left: 8.480
[2025-12-03 10:09:49,260][skrl][INFO] - max_angular: 2.0
[2025-12-03 10:09:49,260][skrl][INFO] - omega max: 2.000
[2025-12-03 10:09:49,260][skrl][INFO] - v_right - v_left: 8.480
[2025-12-03 10:09:49,308][skrl][INFO] - max_angular: 2.0
[2025-12-03 10:09:49,308][skrl][INFO] - omega max: 2.000
[2025-12-03 10:09:49,308][skrl][INFO] - v_right - v_left: 8.480
[2025-12-03 10:09:49,356][skrl][INFO] - max_angular: 2.0
[2025-12-03 10:09:49,356][skrl][INFO] - omega max: 2.000
[2025-12-03 10:09:49,356][skrl][INFO] - v_right - v_left: 8.480
[2025-12-03 10:09:49,404][skrl][INFO] - max_angular: 2.0
[2025-12-03 10:09:49,404][skrl][INFO] - omega max: 2.000
[2025-12-03 10:09:49,404][skrl][INFO] - v_right - v_left: 8.480
[2025-12-03 10:09:49,452][skrl][INFO] - max_angular: 2.0
[2025-12-03 10:09:49,452][skrl][INFO] - omega max: 2.000
[2025-12-03 10:09:49,452][skrl][INFO] - v_right - v_left: 8.480
[2025-12-03 10:09:49,500][skrl][INFO] - max_angular: 2.0
[2025-12-03 10:09:49,500][skrl][INFO] - omega max: 2.000
[2025-12-03 10:09:49,500][skrl][INFO] - v_right - v_left: 8.480
[2025-12-03 10:09:49,548][skrl][INFO] - max_angular: 2.0
[2025-12-03 10:09:49,548][skrl][INFO] - omega max: 2.000
[2025-12-03 10:09:49,548][skrl][INFO] - v_right - v_left: 8.480
[2025-12-03 10:09:49,596][skrl][INFO] - max_angular: 2.0
[2025-12-03 10:09:49,596][skrl][INFO] - omega max: 2.000
[2025-12-03 10:09:49,596][skrl][INFO] - v_right - v_left: 8.480
[2025-12-03 10:09:49,643][skrl][INFO] - max_angular: 2.0
[2025-12-03 10:09:49,643][skrl][INFO] - omega max: 2.000
[2025-12-03 10:09:49,644][skrl][INFO] - v_right - v_left: 8.480
[2025-12-03 10:09:49,691][skrl][INFO] - max_angular: 2.0
[2025-12-03 10:09:49,692][skrl][INFO] - omega max: 2.000
[2025-12-03 10:09:49,692][skrl][INFO] - v_right - v_left: 8.480
[2025-12-03 10:09:49,739][skrl][INFO] - max_angular: 2.0
[2025-12-03 10:09:49,739][skrl][INFO] - omega max: 2.000
[2025-12-03 10:09:49,739][skrl][INFO] - v_right - v_left: 8.480
[2025-12-03 10:09:49,787][skrl][INFO] - max_angular: 2.0
[2025-12-03 10:09:49,787][skrl][INFO] - omega max: 2.000
[2025-12-03 10:09:49,787][skrl][INFO] - v_right - v_left: 8.480
[2025-12-03 10:09:49,834][skrl][INFO] - max_angular: 2.0
[2025-12-03 10:09:49,835][skrl][INFO] - omega max: 0.909
[2025-12-03 10:09:49,835][skrl][INFO] - v_right - v_left: 3.855
[2025-12-03 10:09:49,882][skrl][INFO] - max_angular: 2.0
[2025-12-03 10:09:49,882][skrl][INFO] - omega max: 2.000
[2025-12-03 10:09:49,882][skrl][INFO] - v_right - v_left: 8.480
[2025-12-03 10:09:49,932][skrl][INFO] - max_angular: 2.0
[2025-12-03 10:09:49,932][skrl][INFO] - omega max: 2.000
[2025-12-03 10:09:49,932][skrl][INFO] - v_right - v_left: 8.480
[2025-12-03 10:09:49,980][skrl][INFO] - max_angular: 2.0
[2025-12-03 10:09:49,980][skrl][INFO] - omega max: 2.000
[2025-12-03 10:09:49,980][skrl][INFO] - v_right - v_left: 8.480
[2025-12-03 10:09:50,028][skrl][INFO] - max_angular: 2.0
[2025-12-03 10:09:50,029][skrl][INFO] - omega max: 2.000
[2025-12-03 10:09:50,029][skrl][INFO] - v_right - v_left: 8.480
[2025-12-03 10:09:50,076][skrl][INFO] - max_angular: 2.0
[2025-12-03 10:09:50,076][skrl][INFO] - omega max: 2.000
[2025-12-03 10:09:50,076][skrl][INFO] - v_right - v_left: 8.480
[2025-12-03 10:09:50,124][skrl][INFO] - max_angular: 2.0
[2025-12-03 10:09:50,124][skrl][INFO] - omega max: 2.000
[2025-12-03 10:09:50,124][skrl][INFO] - v_right - v_left: 8.480
[2025-12-03 10:09:50,171][skrl][INFO] - max_angular: 2.0
[2025-12-03 10:09:50,171][skrl][INFO] - omega max: 2.000
[2025-12-03 10:09:50,171][skrl][INFO] - v_right - v_left: 8.480
[2025-12-03 10:09:50,219][skrl][INFO] - max_angular: 2.0
[2025-12-03 10:09:50,219][skrl][INFO] - omega max: 2.000
[2025-12-03 10:09:50,219][skrl][INFO] - v_right - v_left: 8.480
[2025-12-03 10:09:50,267][skrl][INFO] - max_angular: 2.0
[2025-12-03 10:09:50,267][skrl][INFO] - omega max: 1.758
[2025-12-03 10:09:50,267][skrl][INFO] - v_right - v_left: 7.453
[2025-12-03 10:09:50,315][skrl][INFO] - max_angular: 2.0
[2025-12-03 10:09:50,315][skrl][INFO] - omega max: 2.000
[2025-12-03 10:09:50,315][skrl][INFO] - v_right - v_left: 8.480
[2025-12-03 10:09:50,363][skrl][INFO] - max_angular: 2.0
[2025-12-03 10:09:50,363][skrl][INFO] - omega max: 2.000
[2025-12-03 10:09:50,363][skrl][INFO] - v_right - v_left: 8.480
[2025-12-03 10:09:50,411][skrl][INFO] - max_angular: 2.0
[2025-12-03 10:09:50,411][skrl][INFO] - omega max: 2.000
[2025-12-03 10:09:50,411][skrl][INFO] - v_right - v_left: 8.480
[2025-12-03 10:09:50,458][skrl][INFO] - max_angular: 2.0
[2025-12-03 10:09:50,459][skrl][INFO] - omega max: 2.000
[2025-12-03 10:09:50,459][skrl][INFO] - v_right - v_left: 8.480
[2025-12-03 10:09:50,506][skrl][INFO] - max_angular: 2.0
[2025-12-03 10:09:50,506][skrl][INFO] - omega max: 2.000
[2025-12-03 10:09:50,506][skrl][INFO] - v_right - v_left: 8.480
[2025-12-03 10:09:50,554][skrl][INFO] - max_angular: 2.0
[2025-12-03 10:09:50,554][skrl][INFO] - omega max: 2.000
[2025-12-03 10:09:50,554][skrl][INFO] - v_right - v_left: 8.480
[2025-12-03 10:09:50,602][skrl][INFO] - max_angular: 2.0
[2025-12-03 10:09:50,602][skrl][INFO] - omega max: 2.000
[2025-12-03 10:09:50,602][skrl][INFO] - v_right - v_left: 8.480
[2025-12-03 10:09:50,650][skrl][INFO] - max_angular: 2.0
[2025-12-03 10:09:50,650][skrl][INFO] - omega max: 2.000
[2025-12-03 10:09:50,650][skrl][INFO] - v_right - v_left: 8.480
